#
# A fatal error has been detected by the Java Runtime Environment:
#
#  EXCEPTION_ACCESS_VIOLATION (0xc0000005) at pc=0x00007fff46391b86, pid=3324, tid=9824
#
# JRE version:  (21.0.10+8) (build )
# Java VM: Java HotSpot(TM) 64-Bit Server VM (21.0.10+8-LTS-217, mixed mode, sharing, tiered, compressed class ptrs, unknown gc, windows-amd64)
# Problematic frame:
# C  [jimage.dll+0x1b86]
#
# No core dump will be written. Minidumps are not enabled by default on client versions of Windows
#
#

---------------  S U M M A R Y ------------

Command Line: 

Host: Intel(R) Core(TM) i5-3230M CPU @ 2.60GHz, 4 cores, 5G,  Windows 10 , 64 bit Build 19041 (10.0.19041.6807)
Time: Sat Aug 15 16:28:20 2026 Jordanie elapsed time: 0.320775 seconds (0d 0h 0m 0s)

---------------  T H R E A D  ---------------

Current thread is native thread

Stack: [0x00000068b8e00000,0x00000068b8f00000],  sp=0x00000068b8efe0e0,  free space=1016k
Native frames: (J=compiled Java code, j=interpreted, Vv=VM code, C=native code)
C  [jimage.dll+0x1b86]
C  [jimage.dll+0x1d0f]
C  [jimage.dll+0x2619]
V  [jvm.dll+0x220ef2]
V  [jvm.dll+0xcad50]
V  [jvm.dll+0x812a3c]
V  [jvm.dll+0x4543d1]
V  [jvm.dll+0x455e21]
C  [jli.dll+0x5310]
C  [ucrtbase.dll+0x21bb2]
C  [KERNEL32.DLL+0x17374]
C  [ntdll.dll+0x4cc91]


siginfo: EXCEPTION_ACCESS_VIOLATION (0xc0000005), reading address 0x000000000000d8fc


Registers:
RAX=0x00007fff46394298, RBX=0x00000068b8efe1d1, RCX=0x00007fff46396000, RDX=0x0000000000003638
RSP=0x00000068b8efe0e0, RBP=0x00000068b8efe1d0, RSI=0x0000000000007742, RDI=0x00000068b8efe1d0
R8 =0x000000000000001c, R9 =0x00007fff46396000, R10=0x00007fff42690000, R11=0x8101010101010100
R12=0x0000000000000000, R13=0x00000068b8effbf0, R14=0x00000068b8eff240, R15=0x00007fff1b6bec10
RIP=0x00007fff46391b86, EFLAGS=0x0000000000010247


Top of Stack: (sp=0x00000068b8efe0e0)
0x00000068b8efe0e0:   0000000000000000 0000000000000000
0x00000068b8efe0f0:   0000000000000000 0000000000000000
0x00000068b8efe100:   000001d6d83e6ab0 00007fff46391d0f
0x00000068b8efe110:   000000000000000b 000001d6d83e6ab0
0x00000068b8efe120:   0000000000000000 0000000000000000
0x00000068b8efe130:   0000000000000000 0000000000000000
0x00000068b8efe140:   0000000000000000 0000000000000000
0x00000068b8efe150:   0000000000000000 0000000000000000
0x00000068b8efe160:   0000000000000000 0000000000000000
0x00000068b8efe170:   0000e9f9b0cb5131 0000000000000000
0x00000068b8efe180:   00007fff1b69c340 0000000000000017
0x00000068b8efe190:   000001d6d83e6ab0 00000068b8eff240
0x00000068b8efe1a0:   000000000000000b 00007fff46392619
0x00000068b8efe1b0:   0000000000000000 0000000000000000
0x00000068b8efe1c0:   0000000000000000 0000000000000000
0x00000068b8efe1d0:   61622e6176616a2f 692f6b646a2f6573
0x00000068b8efe1e0:   2f6c616e7265746e 6f6974706f2f6d76
0x00000068b8efe1f0:   000000000000736e 0000000000000000
0x00000068b8efe200:   0000000000000000 0000000000000000
0x00000068b8efe210:   0000000000000000 0000000000000000
0x00000068b8efe220:   0000000000000000 0000000000000000
0x00000068b8efe230:   0000000000000000 0000000000000000
0x00000068b8efe240:   0000000000000000 0000000000000000
0x00000068b8efe250:   0000000000000000 0000000000000000
0x00000068b8efe260:   0000000000000000 0000000000000000
0x00000068b8efe270:   0000000000000000 0000000000000000
0x00000068b8efe280:   0000000000000000 0000000000000000
0x00000068b8efe290:   0000000000000000 0000000000000000
0x00000068b8efe2a0:   0000000000000000 0000000000000000
0x00000068b8efe2b0:   0000000000000000 000000006d000568
0x00000068b8efe2c0:   0000000000000000 0000000000000000
0x00000068b8efe2d0:   0000000000000000 0000000000000000 

Instructions: (pc=0x00007fff46391b86)
0x00007fff46391a86:   80 3d 83 45 00 00 00 74 06 48 8b 53 18 eb 04 48
0x00007fff46391a96:   8b 53 40 e8 de 0e 00 00 48 c7 43 48 00 00 00 00
0x00007fff46391aa6:   8b 4b 0c 83 f9 ff 74 0c e8 11 0d 00 00 c7 43 0c
0x00007fff46391ab6:   ff ff ff ff 48 8b 4b 70 48 85 c9 74 12 ba 10 00
0x00007fff46391ac6:   00 00 e8 2f 0f 00 00 48 c7 43 70 00 00 00 00 48
0x00007fff46391ad6:   83 c4 20 5b c3 cc 40 53 48 83 ec 20 48 8b d9 48
0x00007fff46391ae6:   8d 0d 94 47 00 00 e8 db 0c 00 00 83 6b 08 01 75
0x00007fff46391af6:   24 48 8b d3 48 8d 0d 17 45 00 00 e8 42 08 00 00
0x00007fff46391b06:   48 8b cb e8 ca fe ff ff ba 78 00 00 00 48 8b cb
0x00007fff46391b16:   e8 e1 0e 00 00 48 8d 0d 5e 47 00 00 48 83 c4 20
0x00007fff46391b26:   5b e9 a8 0c 00 00 48 89 5c 24 08 48 89 74 24 10
0x00007fff46391b36:   57 48 83 ec 20 41 8b f1 4c 8b c9 48 8b fa 4d 85
0x00007fff46391b46:   c0 74 72 85 f6 74 6e 44 8a 12 48 8d 5a 01 48 8b
0x00007fff46391b56:   d3 b8 93 01 00 01 eb 12 69 c0 93 01 00 01 41 0f
0x00007fff46391b66:   b6 ca 44 8a 12 33 c1 48 ff c2 45 84 d2 75 e9 33
0x00007fff46391b76:   d2 0f ba f0 1f f7 f6 49 8b 01 49 8b c9 48 63 d2
0x00007fff46391b86:   41 8b 14 90 ff 50 08 85 c0 7e 24 8a 0f eb 10 69
0x00007fff46391b96:   c0 93 01 00 01 0f b6 c9 33 c1 8a 0b 48 ff c3 84
0x00007fff46391ba6:   c9 75 ec 0f ba f0 1f 33 d2 f7 f6 8b c2 eb 09 79
0x00007fff46391bb6:   04 f7 d0 eb 03 83 c8 ff 48 8b 5c 24 30 48 8b 74
0x00007fff46391bc6:   24 38 48 83 c4 20 5f c3 cc cc 48 89 5c 24 08 48
0x00007fff46391bd6:   89 74 24 10 57 48 83 ec 20 48 8b f1 48 8d 0d 97
0x00007fff46391be6:   46 00 00 e8 de 0b 00 00 33 ff 39 3d 22 44 00 00
0x00007fff46391bf6:   76 24 48 8b 05 21 44 00 00 48 8b d6 48 8b 1c f8
0x00007fff46391c06:   48 8b 0b e8 9c 1f 00 00 85 c0 74 2b ff c7 3b 3d
0x00007fff46391c16:   fe 43 00 00 72 dc 33 db 48 8d 0d 5b 46 00 00 e8
0x00007fff46391c26:   aa 0b 00 00 48 8b 74 24 38 48 8b c3 48 8b 5c 24
0x00007fff46391c36:   30 48 83 c4 20 5f c3 ff 43 08 eb dc cc cc 48 89
0x00007fff46391c46:   5c 24 08 48 89 74 24 10 57 48 83 ec 20 48 8b d9
0x00007fff46391c56:   48 8b f2 48 8b 49 10 49 8b f8 8b 53 30 48 8b 01
0x00007fff46391c66:   ff 50 20 4c 8b 43 50 48 8b d6 48 8b 4b 10 44 8b
0x00007fff46391c76:   c8 e8 b0 fe ff ff 83 f8 ff 74 39 48 8b 4b 10 48 



---------------  P R O C E S S  ---------------

VM state: not at safepoint (not fully initialized)

VM Mutex/Monitor currently owned by a thread: None

CDS archive(s) mapped at: [0x0000000000000000-0x0000000000000000-0x0000000000000000), size 0, SharedBaseAddress: 0x0000000800000000, ArchiveRelocationMode: 1.
Narrow klass base: 0x0000000000000000, Narrow klass shift: 0, Narrow klass range: 0x0

GC Precious Log:
<Not initialized>


Dynamic libraries:
0x00007ff6dbf60000 - 0x00007ff6dbf70000 	C:\Program Files\Java\jdk-21.0.10\bin\java.exe
0x00007fff4b730000 - 0x00007fff4b928000 	C:\WINDOWS\SYSTEM32\ntdll.dll
0x00007fff49a60000 - 0x00007fff49b22000 	C:\WINDOWS\System32\KERNEL32.DLL
0x00007fff49050000 - 0x00007fff49347000 	C:\WINDOWS\System32\KERNELBASE.dll
0x00007fff48e80000 - 0x00007fff48f80000 	C:\WINDOWS\System32\ucrtbase.dll
0x00007fff426b0000 - 0x00007fff426c9000 	C:\Program Files\Java\jdk-21.0.10\bin\jli.dll
0x00007fff42690000 - 0x00007fff426ae000 	C:\Program Files\Java\jdk-21.0.10\bin\VCRUNTIME140.dll
0x00007fff49740000 - 0x00007fff497f1000 	C:\WINDOWS\System32\ADVAPI32.dll
0x00007fff49b30000 - 0x00007fff49bce000 	C:\WINDOWS\System32\msvcrt.dll
0x00007fff49890000 - 0x00007fff4992f000 	C:\WINDOWS\System32\sechost.dll
0x00007fff4a540000 - 0x00007fff4a660000 	C:\WINDOWS\System32\RPCRT4.dll
0x00007fff48db0000 - 0x00007fff48dd7000 	C:\WINDOWS\System32\bcrypt.dll
0x00007fff4b3c0000 - 0x00007fff4b561000 	C:\WINDOWS\System32\USER32.dll
0x00007fff49680000 - 0x00007fff496a2000 	C:\WINDOWS\System32\win32u.dll
0x00007fff4a660000 - 0x00007fff4a68b000 	C:\WINDOWS\System32\GDI32.dll
0x00007fff49400000 - 0x00007fff49519000 	C:\WINDOWS\System32\gdi32full.dll
0x00007fff48de0000 - 0x00007fff48e7d000 	C:\WINDOWS\System32\msvcp_win.dll
0x00007fff3a1b0000 - 0x00007fff3a44b000 	C:\WINDOWS\WinSxS\amd64_microsoft.windows.common-controls_6595b64144ccf1df_6.0.19041.6456_none_60b8a6cb71f64256\COMCTL32.dll
0x00007fff3b720000 - 0x00007fff3b72a000 	C:\WINDOWS\SYSTEM32\VERSION.dll
0x00007fff49930000 - 0x00007fff4995f000 	C:\WINDOWS\System32\IMM32.DLL
0x00007fff463e0000 - 0x00007fff463ec000 	C:\Program Files\Java\jdk-21.0.10\bin\vcruntime140_1.dll
0x00007fff285c0000 - 0x00007fff2864d000 	C:\Program Files\Java\jdk-21.0.10\bin\msvcp140.dll
0x00007fff1ad00000 - 0x00007fff1ba27000 	C:\Program Files\Java\jdk-21.0.10\bin\server\jvm.dll
0x00007fff4aec0000 - 0x00007fff4af2b000 	C:\WINDOWS\System32\WS2_32.dll
0x00007fff48500000 - 0x00007fff4854b000 	C:\WINDOWS\SYSTEM32\POWRPROF.dll
0x00007fff436d0000 - 0x00007fff436f7000 	C:\WINDOWS\SYSTEM32\WINMM.dll
0x00007fff484e0000 - 0x00007fff484f2000 	C:\WINDOWS\SYSTEM32\UMPDC.dll
0x00007fff46b00000 - 0x00007fff46b12000 	C:\WINDOWS\SYSTEM32\kernel.appcore.dll
0x00007fff46390000 - 0x00007fff4639a000 	C:\Program Files\Java\jdk-21.0.10\bin\jimage.dll
0x00007fff2d280000 - 0x00007fff2d481000 	C:\WINDOWS\SYSTEM32\DBGHELP.DLL
0x00007fff3bb40000 - 0x00007fff3bb74000 	C:\WINDOWS\SYSTEM32\dbgcore.DLL
0x00007fff496b0000 - 0x00007fff49732000 	C:\WINDOWS\System32\bcryptPrimitives.dll

dbghelp: loaded successfully - version: 4.0.5 - missing functions: none
symbol engine: initialized successfully - sym options: 0x614 - pdb path: .;C:\Program Files\Java\jdk-21.0.10\bin;C:\WINDOWS\SYSTEM32;C:\WINDOWS\WinSxS\amd64_microsoft.windows.common-controls_6595b64144ccf1df_6.0.19041.6456_none_60b8a6cb71f64256;C:\Program Files\Java\jdk-21.0.10\bin\server

VM Arguments:
java_command: <unknown>
java_class_path (initial): <not set>
Launcher Type: SUN_STANDARD

[Global flags]
     bool UseLargePagesIndividualAllocation        = false                                  {pd product} {ergonomic}

Logging:
Log output configuration:
 #0: stdout all=warning uptime,level,tags foldmultilines=false
 #1: stderr all=off uptime,level,tags foldmultilines=false

Environment Variables:
JAVA_HOME=C:\Program Files\Java\jdk-21.0.10
CLASSPATH=E:\L2\Prog4\hei-academic-management\\gradle\wrapper\gradle-wrapper.jar
PATH=C:\Program Files (x86)\VMware\VMware Workstation\bin\;C:\WINDOWS\system32;C:\WINDOWS;C:\WINDOWS\System32\Wbem;C:\WINDOWS\System32\WindowsPowerShell\v1.0\;C:\WINDOWS\System32\OpenSSH\;C:\Program Files\Git\cmd;C:\php;C:\ProgramData\ComposerSetup\bin;C:\Program Files\Java\jdk-21.0.10\bin;C:\Program Files\Apache\Maven\apache-maven-3.9.13-bin\apache-maven-3.9.13\bin;C:\Program Files\PostgreSQL\17\bin;C:\Users\Sarobidy\AppData\Local\nvm;C:\nvm4w\nodejs;C:\Program Files\nodejs\;C:\Users\Sarobidy\AppData\Local\Programs\Microsoft VS Code\bin;C:\Users\Sarobidy\AppData\Local\Python\bin;C:\Users\Sarobidy\AppData\Local\nvm;C:\nvm4w\nodejs;C:\Users\Sarobidy\AppData\Roaming\npm;C:\Program Files\PostgreSQL\18\bin;C:\Program Files\Docker\Docker\resources\bin;C:\Program Files\PostgreSQL\18\bin;C:\Users\Sarobidy\AppData\Local\Programs\Microsoft VS Code\bin
USERNAME=Sarobidy
OS=Windows_NT
PROCESSOR_IDENTIFIER=Intel64 Family 6 Model 58 Stepping 9, GenuineIntel
TMP=C:\Users\Sarobidy\AppData\Local\Temp
TEMP=C:\Users\Sarobidy\AppData\Local\Temp




Periodic native trim disabled

---------------  S Y S T E M  ---------------

OS:
 Windows 10 , 64 bit Build 19041 (10.0.19041.6807)
OS uptime: 0 days 4:55 hours

CPU: total 4 (initial active 0) 
Processor Information for all 4 processors :
  Max Mhz: 2601, Current Mhz: 2601, Mhz Limit: 2601

Memory: 4k page, system-wide physical 6017M (280M free)
TotalPageFile size 8017M (AvailPageFile size 2M)
current process WorkingSet (physical memory assigned to process): 8M, peak: 8M
current process commit charge ("private bytes"): 3M, peak: 3M

vm_info: Java HotSpot(TM) 64-Bit Server VM (21.0.10+8-LTS-217) for windows-amd64 JRE (21.0.10+8-LTS-217), built on 2025-12-18T14:59:28Z by "mach5run" with MS VC++ 17.13 (VS2022)

END.
