#
# There is insufficient memory for the Java Runtime Environment to continue.
# Native memory allocation (malloc) failed to allocate 123744 bytes for Chunk::new
# Possible reasons:
#   The system is out of physical RAM or swap space
#   The process is running with CompressedOops enabled, and the Java Heap may be blocking the growth of the native heap
# Possible solutions:
#   Reduce memory load on the system
#   Increase physical memory or swap space
#   Check if swap backing store is full
#   Decrease Java heap size (-Xmx/-Xms)
#   Decrease number of Java threads
#   Decrease Java thread stack sizes (-Xss)
#   Set larger code cache with -XX:ReservedCodeCacheSize=
#   JVM is running with Unscaled Compressed Oops mode in which the Java heap is
#     placed in the first 4GB address space. The Java Heap base address is the
#     maximum limit for the native heap growth. Please use -XX:HeapBaseMinAddress
#     to set the Java Heap base and to place the Java Heap above 4GB virtual address.
# This output file may be truncated or incomplete.
#
#  Out of Memory Error (arena.cpp:168), pid=2772, tid=1812
#
# JRE version: Java(TM) SE Runtime Environment (21.0.10+8) (build 21.0.10+8-LTS-217)
# Java VM: Java HotSpot(TM) 64-Bit Server VM (21.0.10+8-LTS-217, mixed mode, sharing, tiered, compressed oops, compressed class ptrs, g1 gc, windows-amd64)
# No core dump will be written. Minidumps are not enabled by default on client versions of Windows
#

---------------  S U M M A R Y ------------

Command Line: -Xmx64m -Xms64m -Dorg.gradle.appname=gradlew org.gradle.wrapper.GradleWrapperMain test --stacktrace

Host: Intel(R) Core(TM) i5-3230M CPU @ 2.60GHz, 4 cores, 5G,  Windows 10 , 64 bit Build 19041 (10.0.19041.6807)
Time: Sat Aug 15 16:28:20 2026 Jordanie elapsed time: 91.748388 seconds (0d 0h 1m 31s)

---------------  T H R E A D  ---------------

Current thread (0x000001e326a34b60):  JavaThread "C2 CompilerThread0" daemon [_thread_in_native, id=1812, stack(0x000000812c500000,0x000000812c600000) (1024K)]


Current CompileTask:
C2:  91748 1870       4       java.lang.String::replace (42 bytes)

Stack: [0x000000812c500000,0x000000812c600000]
Native frames: (J=compiled Java code, j=interpreted, Vv=VM code, C=native code)
V  [jvm.dll+0x6d0b59]
V  [jvm.dll+0x85fd56]
V  [jvm.dll+0x86224e]
V  [jvm.dll+0x862923]
V  [jvm.dll+0x282a16]
V  [jvm.dll+0xc662d]
V  [jvm.dll+0xc6b71]
V  [jvm.dll+0x3bbb5b]
V  [jvm.dll+0x387fd2]
V  [jvm.dll+0x38741a]
V  [jvm.dll+0x24b370]
V  [jvm.dll+0x24a94f]
V  [jvm.dll+0x1cacfe]
V  [jvm.dll+0x25a629]
V  [jvm.dll+0x258bb5]
V  [jvm.dll+0x3f4da1]
V  [jvm.dll+0x80a83d]
V  [jvm.dll+0x6cf3fd]
C  [ucrtbase.dll+0x21bb2]
C  [KERNEL32.DLL+0x17374]
C  [ntdll.dll+0x4cc91]


---------------  P R O C E S S  ---------------

Threads class SMR info:
_java_thread_list=0x000001e36c892500, length=14, elements={
0x000001e30cfdd6d0, 0x000001e326a06220, 0x000001e326a06c80, 0x000001e326a086f0,
0x000001e326a093d0, 0x000001e326a0be40, 0x000001e326a108c0, 0x000001e326a34b60,
0x000001e326a35600, 0x000001e326ce3e00, 0x000001e326cea650, 0x000001e36c7d2020,
0x000001e36c7fe910, 0x000001e36c7f8f30
}

Java Threads: ( => current thread )
  0x000001e30cfdd6d0 JavaThread "main"                              [_thread_in_native, id=1404, stack(0x000000812b700000,0x000000812b800000) (1024K)]
  0x000001e326a06220 JavaThread "Reference Handler"          daemon [_thread_blocked, id=7648, stack(0x000000812bf00000,0x000000812c000000) (1024K)]
  0x000001e326a06c80 JavaThread "Finalizer"                  daemon [_thread_blocked, id=6608, stack(0x000000812c000000,0x000000812c100000) (1024K)]
  0x000001e326a086f0 JavaThread "Signal Dispatcher"          daemon [_thread_blocked, id=5360, stack(0x000000812c100000,0x000000812c200000) (1024K)]
  0x000001e326a093d0 JavaThread "Attach Listener"            daemon [_thread_blocked, id=1856, stack(0x000000812c200000,0x000000812c300000) (1024K)]
  0x000001e326a0be40 JavaThread "Service Thread"             daemon [_thread_blocked, id=1892, stack(0x000000812c300000,0x000000812c400000) (1024K)]
  0x000001e326a108c0 JavaThread "Monitor Deflation Thread"   daemon [_thread_blocked, id=5928, stack(0x000000812c400000,0x000000812c500000) (1024K)]
=>0x000001e326a34b60 JavaThread "C2 CompilerThread0"         daemon [_thread_in_native, id=1812, stack(0x000000812c500000,0x000000812c600000) (1024K)]
  0x000001e326a35600 JavaThread "C1 CompilerThread0"         daemon [_thread_in_vm, id=3788, stack(0x000000812c600000,0x000000812c700000) (1024K)]
  0x000001e326ce3e00 JavaThread "Notification Thread"        daemon [_thread_blocked, id=9176, stack(0x000000812c700000,0x000000812c800000) (1024K)]
  0x000001e326cea650 JavaThread "Common-Cleaner"             daemon [_thread_blocked, id=5348, stack(0x000000812c800000,0x000000812c900000) (1024K)]
  0x000001e36c7d2020 JavaThread "pool-1-thread-1"                   [_thread_in_native, id=5640, stack(0x000000812cc00000,0x000000812cd00000) (1024K)]
  0x000001e36c7fe910 JavaThread "DisconnectableInputStream source reader" daemon [_thread_in_native, id=9608, stack(0x000000812ce00000,0x000000812cf00000) (1024K)]
  0x000001e36c7f8f30 JavaThread "Forward input"                     [_thread_blocked, id=1456, stack(0x000000812cf00000,0x000000812d000000) (1024K)]
Total: 14

Other Threads:
  0x000001e30d0ae260 VMThread "VM Thread"                           [id=6812, stack(0x000000812be00000,0x000000812bf00000) (1024K)]
  0x000001e3269ecc70 WatcherThread "VM Periodic Task Thread"        [id=1792, stack(0x000000812bd00000,0x000000812be00000) (1024K)]
  0x000001e30cff6fc0 WorkerThread "GC Thread#0"                     [id=6380, stack(0x000000812b800000,0x000000812b900000) (1024K)]
  0x000001e326feb8c0 WorkerThread "GC Thread#1"                     [id=10124, stack(0x000000812c900000,0x000000812ca00000) (1024K)]
  0x000001e36c007750 WorkerThread "GC Thread#2"                     [id=2228, stack(0x000000812ca00000,0x000000812cb00000) (1024K)]
  0x000001e36c03a860 WorkerThread "GC Thread#3"                     [id=8784, stack(0x000000812cb00000,0x000000812cc00000) (1024K)]
  0x000001e30cff8dd0 ConcurrentGCThread "G1 Main Marker"            [id=4276, stack(0x000000812b900000,0x000000812ba00000) (1024K)]
  0x000001e30cff98a0 WorkerThread "G1 Conc#0"                       [id=6620, stack(0x000000812ba00000,0x000000812bb00000) (1024K)]
  0x000001e30d08a360 ConcurrentGCThread "G1 Refine#0"               [id=9796, stack(0x000000812bb00000,0x000000812bc00000) (1024K)]
  0x000001e30d08bba0 ConcurrentGCThread "G1 Service"                [id=9208, stack(0x000000812bc00000,0x000000812bd00000) (1024K)]
Total: 10

Threads with active compile tasks:
C2 CompilerThread0    91863 1870       4       java.lang.String::replace (42 bytes)
C1 CompilerThread0    91863 1959   !   3       java.nio.charset.CharsetEncoder::encode (273 bytes)
Total: 2

VM state: not at safepoint (normal execution)

VM Mutex/Monitor currently owned by a thread: None

Heap address: 0x00000000fc000000, size: 64 MB, Compressed Oops mode: 32-bit

CDS archive(s) mapped at: [0x000001e327000000-0x000001e327c90000-0x000001e327c90000), size 13172736, SharedBaseAddress: 0x000001e327000000, ArchiveRelocationMode: 1.
Compressed class space mapped at: 0x000001e328000000-0x000001e368000000, reserved size: 1073741824
Narrow klass base: 0x000001e327000000, Narrow klass shift: 0, Narrow klass range: 0x100000000

GC Precious Log:
 CardTable entry size: 512
 Card Set container configuration: InlinePtr #cards 5 size 8 Array Of Cards #cards 12 size 40 Howl #buckets 4 coarsen threshold 1843 Howl Bitmap #cards 512 size 80 coarsen threshold 460 Card regions per heap region 1 cards per card region 2048
 CPUs: 4 total, 4 available
 Memory: 6017M
 Large Page Support: Disabled
 NUMA Support: Disabled
 Compressed Oops: Enabled (32-bit)
 Heap Region Size: 1M
 Heap Min Capacity: 64M
 Heap Initial Capacity: 64M
 Heap Max Capacity: 64M
 Pre-touch: Disabled
 Parallel Workers: 4
 Concurrent Workers: 1
 Concurrent Refinement Workers: 4
 Periodic GC: Disabled

Heap:
 garbage-first heap   total 65536K, used 20332K [0x00000000fc000000, 0x0000000100000000)
  region size 1024K, 13 young (13312K), 3 survivors (3072K)
 Metaspace       used 10022K, committed 10304K, reserved 1114112K
  class space    used 1276K, committed 1408K, reserved 1048576K

Heap Regions: E=young(eden), S=young(survivor), O=old, HS=humongous(starts), HC=humongous(continues), CS=collection set, F=free, TAMS=top-at-mark-start, PB=parsable bottom
|   0|0x00000000fc000000, 0x00000000fc100000, 0x00000000fc100000|100%| O|  |TAMS 0x00000000fc000000| PB 0x00000000fc000000| Untracked 
|   1|0x00000000fc100000, 0x00000000fc200000, 0x00000000fc200000|100%|HS|  |TAMS 0x00000000fc100000| PB 0x00000000fc100000| Complete 
|   2|0x00000000fc200000, 0x00000000fc300000, 0x00000000fc300000|100%|HC|  |TAMS 0x00000000fc200000| PB 0x00000000fc200000| Complete 
|   3|0x00000000fc300000, 0x00000000fc400000, 0x00000000fc400000|100%|HC|  |TAMS 0x00000000fc300000| PB 0x00000000fc300000| Complete 
|   4|0x00000000fc400000, 0x00000000fc500000, 0x00000000fc500000|100%|HC|  |TAMS 0x00000000fc400000| PB 0x00000000fc400000| Complete 
|   5|0x00000000fc500000, 0x00000000fc600000, 0x00000000fc600000|100%| O|  |TAMS 0x00000000fc500000| PB 0x00000000fc500000| Untracked 
|   6|0x00000000fc600000, 0x00000000fc700000, 0x00000000fc700000|100%| O|  |TAMS 0x00000000fc600000| PB 0x00000000fc600000| Untracked 
|   7|0x00000000fc700000, 0x00000000fc7db000, 0x00000000fc800000| 85%| O|  |TAMS 0x00000000fc700000| PB 0x00000000fc700000| Untracked 
|   8|0x00000000fc800000, 0x00000000fc800000, 0x00000000fc900000|  0%| F|  |TAMS 0x00000000fc800000| PB 0x00000000fc800000| Untracked 
|   9|0x00000000fc900000, 0x00000000fc900000, 0x00000000fca00000|  0%| F|  |TAMS 0x00000000fc900000| PB 0x00000000fc900000| Untracked 
|  10|0x00000000fca00000, 0x00000000fca00000, 0x00000000fcb00000|  0%| F|  |TAMS 0x00000000fca00000| PB 0x00000000fca00000| Untracked 
|  11|0x00000000fcb00000, 0x00000000fcb00000, 0x00000000fcc00000|  0%| F|  |TAMS 0x00000000fcb00000| PB 0x00000000fcb00000| Untracked 
|  12|0x00000000fcc00000, 0x00000000fcc00000, 0x00000000fcd00000|  0%| F|  |TAMS 0x00000000fcc00000| PB 0x00000000fcc00000| Untracked 
|  13|0x00000000fcd00000, 0x00000000fcd00000, 0x00000000fce00000|  0%| F|  |TAMS 0x00000000fcd00000| PB 0x00000000fcd00000| Untracked 
|  14|0x00000000fce00000, 0x00000000fce00000, 0x00000000fcf00000|  0%| F|  |TAMS 0x00000000fce00000| PB 0x00000000fce00000| Untracked 
|  15|0x00000000fcf00000, 0x00000000fcf00000, 0x00000000fd000000|  0%| F|  |TAMS 0x00000000fcf00000| PB 0x00000000fcf00000| Untracked 
|  16|0x00000000fd000000, 0x00000000fd000000, 0x00000000fd100000|  0%| F|  |TAMS 0x00000000fd000000| PB 0x00000000fd000000| Untracked 
|  17|0x00000000fd100000, 0x00000000fd100000, 0x00000000fd200000|  0%| F|  |TAMS 0x00000000fd100000| PB 0x00000000fd100000| Untracked 
|  18|0x00000000fd200000, 0x00000000fd200000, 0x00000000fd300000|  0%| F|  |TAMS 0x00000000fd200000| PB 0x00000000fd200000| Untracked 
|  19|0x00000000fd300000, 0x00000000fd300000, 0x00000000fd400000|  0%| F|  |TAMS 0x00000000fd300000| PB 0x00000000fd300000| Untracked 
|  20|0x00000000fd400000, 0x00000000fd400000, 0x00000000fd500000|  0%| F|  |TAMS 0x00000000fd400000| PB 0x00000000fd400000| Untracked 
|  21|0x00000000fd500000, 0x00000000fd500000, 0x00000000fd600000|  0%| F|  |TAMS 0x00000000fd500000| PB 0x00000000fd500000| Untracked 
|  22|0x00000000fd600000, 0x00000000fd600000, 0x00000000fd700000|  0%| F|  |TAMS 0x00000000fd600000| PB 0x00000000fd600000| Untracked 
|  23|0x00000000fd700000, 0x00000000fd700000, 0x00000000fd800000|  0%| F|  |TAMS 0x00000000fd700000| PB 0x00000000fd700000| Untracked 
|  24|0x00000000fd800000, 0x00000000fd800000, 0x00000000fd900000|  0%| F|  |TAMS 0x00000000fd800000| PB 0x00000000fd800000| Untracked 
|  25|0x00000000fd900000, 0x00000000fd900000, 0x00000000fda00000|  0%| F|  |TAMS 0x00000000fd900000| PB 0x00000000fd900000| Untracked 
|  26|0x00000000fda00000, 0x00000000fda00000, 0x00000000fdb00000|  0%| F|  |TAMS 0x00000000fda00000| PB 0x00000000fda00000| Untracked 
|  27|0x00000000fdb00000, 0x00000000fdb00000, 0x00000000fdc00000|  0%| F|  |TAMS 0x00000000fdb00000| PB 0x00000000fdb00000| Untracked 
|  28|0x00000000fdc00000, 0x00000000fdc00000, 0x00000000fdd00000|  0%| F|  |TAMS 0x00000000fdc00000| PB 0x00000000fdc00000| Untracked 
|  29|0x00000000fdd00000, 0x00000000fdd00000, 0x00000000fde00000|  0%| F|  |TAMS 0x00000000fdd00000| PB 0x00000000fdd00000| Untracked 
|  30|0x00000000fde00000, 0x00000000fde00000, 0x00000000fdf00000|  0%| F|  |TAMS 0x00000000fde00000| PB 0x00000000fde00000| Untracked 
|  31|0x00000000fdf00000, 0x00000000fdf00000, 0x00000000fe000000|  0%| F|  |TAMS 0x00000000fdf00000| PB 0x00000000fdf00000| Untracked 
|  32|0x00000000fe000000, 0x00000000fe000000, 0x00000000fe100000|  0%| F|  |TAMS 0x00000000fe000000| PB 0x00000000fe000000| Untracked 
|  33|0x00000000fe100000, 0x00000000fe100000, 0x00000000fe200000|  0%| F|  |TAMS 0x00000000fe100000| PB 0x00000000fe100000| Untracked 
|  34|0x00000000fe200000, 0x00000000fe200000, 0x00000000fe300000|  0%| F|  |TAMS 0x00000000fe200000| PB 0x00000000fe200000| Untracked 
|  35|0x00000000fe300000, 0x00000000fe300000, 0x00000000fe400000|  0%| F|  |TAMS 0x00000000fe300000| PB 0x00000000fe300000| Untracked 
|  36|0x00000000fe400000, 0x00000000fe400000, 0x00000000fe500000|  0%| F|  |TAMS 0x00000000fe400000| PB 0x00000000fe400000| Untracked 
|  37|0x00000000fe500000, 0x00000000fe500000, 0x00000000fe600000|  0%| F|  |TAMS 0x00000000fe500000| PB 0x00000000fe500000| Untracked 
|  38|0x00000000fe600000, 0x00000000fe600000, 0x00000000fe700000|  0%| F|  |TAMS 0x00000000fe600000| PB 0x00000000fe600000| Untracked 
|  39|0x00000000fe700000, 0x00000000fe700000, 0x00000000fe800000|  0%| F|  |TAMS 0x00000000fe700000| PB 0x00000000fe700000| Untracked 
|  40|0x00000000fe800000, 0x00000000fe900000, 0x00000000fe900000|100%| S|CS|TAMS 0x00000000fe800000| PB 0x00000000fe800000| Complete 
|  41|0x00000000fe900000, 0x00000000fea00000, 0x00000000fea00000|100%| S|CS|TAMS 0x00000000fe900000| PB 0x00000000fe900000| Complete 
|  42|0x00000000fea00000, 0x00000000feb00000, 0x00000000feb00000|100%| S|CS|TAMS 0x00000000fea00000| PB 0x00000000fea00000| Complete 
|  43|0x00000000feb00000, 0x00000000feb00000, 0x00000000fec00000|  0%| F|  |TAMS 0x00000000feb00000| PB 0x00000000feb00000| Untracked 
|  44|0x00000000fec00000, 0x00000000fec00000, 0x00000000fed00000|  0%| F|  |TAMS 0x00000000fec00000| PB 0x00000000fec00000| Untracked 
|  45|0x00000000fed00000, 0x00000000fed00000, 0x00000000fee00000|  0%| F|  |TAMS 0x00000000fed00000| PB 0x00000000fed00000| Untracked 
|  46|0x00000000fee00000, 0x00000000fee00000, 0x00000000fef00000|  0%| F|  |TAMS 0x00000000fee00000| PB 0x00000000fee00000| Untracked 
|  47|0x00000000fef00000, 0x00000000fef00000, 0x00000000ff000000|  0%| F|  |TAMS 0x00000000fef00000| PB 0x00000000fef00000| Untracked 
|  48|0x00000000ff000000, 0x00000000ff000000, 0x00000000ff100000|  0%| F|  |TAMS 0x00000000ff000000| PB 0x00000000ff000000| Untracked 
|  49|0x00000000ff100000, 0x00000000ff100000, 0x00000000ff200000|  0%| F|  |TAMS 0x00000000ff100000| PB 0x00000000ff100000| Untracked 
|  50|0x00000000ff200000, 0x00000000ff200000, 0x00000000ff300000|  0%| F|  |TAMS 0x00000000ff200000| PB 0x00000000ff200000| Untracked 
|  51|0x00000000ff300000, 0x00000000ff300000, 0x00000000ff400000|  0%| F|  |TAMS 0x00000000ff300000| PB 0x00000000ff300000| Untracked 
|  52|0x00000000ff400000, 0x00000000ff400000, 0x00000000ff500000|  0%| F|  |TAMS 0x00000000ff400000| PB 0x00000000ff400000| Untracked 
|  53|0x00000000ff500000, 0x00000000ff500000, 0x00000000ff600000|  0%| F|  |TAMS 0x00000000ff500000| PB 0x00000000ff500000| Untracked 
|  54|0x00000000ff600000, 0x00000000ff658e70, 0x00000000ff700000| 34%| E|  |TAMS 0x00000000ff600000| PB 0x00000000ff600000| Complete 
|  55|0x00000000ff700000, 0x00000000ff800000, 0x00000000ff800000|100%| E|CS|TAMS 0x00000000ff700000| PB 0x00000000ff700000| Complete 
|  56|0x00000000ff800000, 0x00000000ff900000, 0x00000000ff900000|100%| E|CS|TAMS 0x00000000ff800000| PB 0x00000000ff800000| Complete 
|  57|0x00000000ff900000, 0x00000000ffa00000, 0x00000000ffa00000|100%| E|CS|TAMS 0x00000000ff900000| PB 0x00000000ff900000| Complete 
|  58|0x00000000ffa00000, 0x00000000ffb00000, 0x00000000ffb00000|100%| E|CS|TAMS 0x00000000ffa00000| PB 0x00000000ffa00000| Complete 
|  59|0x00000000ffb00000, 0x00000000ffc00000, 0x00000000ffc00000|100%| E|CS|TAMS 0x00000000ffb00000| PB 0x00000000ffb00000| Complete 
|  60|0x00000000ffc00000, 0x00000000ffd00000, 0x00000000ffd00000|100%| E|CS|TAMS 0x00000000ffc00000| PB 0x00000000ffc00000| Complete 
|  61|0x00000000ffd00000, 0x00000000ffe00000, 0x00000000ffe00000|100%| E|CS|TAMS 0x00000000ffd00000| PB 0x00000000ffd00000| Complete 
|  62|0x00000000ffe00000, 0x00000000fff00000, 0x00000000fff00000|100%| E|CS|TAMS 0x00000000ffe00000| PB 0x00000000ffe00000| Complete 
|  63|0x00000000fff00000, 0x0000000100000000, 0x0000000100000000|100%| E|CS|TAMS 0x00000000fff00000| PB 0x00000000fff00000| Complete 

Card table byte_map: [0x000001e30aef0000,0x000001e30af10000] _byte_map_base: 0x000001e30a710000

Marking Bits: (CMBitMap*) 0x000001e30cff74e0
 Bits: [0x000001e30cdd0000, 0x000001e30ced0000)

Polling page: 0x000001e30ae80000

Metaspace:

Usage:
  Non-class:      8.55 MB used.
      Class:      1.25 MB used.
       Both:      9.79 MB used.

Virtual space:
  Non-class space:       64.00 MB reserved,       8.69 MB ( 14%) committed,  1 nodes.
      Class space:        1.00 GB reserved,       1.38 MB ( <1%) committed,  1 nodes.
             Both:        1.06 GB reserved,      10.06 MB ( <1%) committed. 

Chunk freelists:
   Non-Class:  6.46 MB
       Class:  14.56 MB
        Both:  21.02 MB

MaxMetaspaceSize: unlimited
CompressedClassSpaceSize: 1.00 GB
Initial GC threshold: 21.00 MB
Current GC threshold: 21.00 MB
CDS: on
 - commit_granule_bytes: 65536.
 - commit_granule_words: 8192.
 - virtual_space_node_default_size: 8388608.
 - enlarge_chunks_in_place: 1.
 - use_allocation_guard: 0.


Internal statistics:

num_allocs_failed_limit: 0.
num_arena_births: 238.
num_arena_deaths: 0.
num_vsnodes_births: 2.
num_vsnodes_deaths: 0.
num_space_committed: 161.
num_space_uncommitted: 0.
num_chunks_returned_to_freelist: 0.
num_chunks_taken_from_freelist: 524.
num_chunk_merges: 0.
num_chunk_splits: 335.
num_chunks_enlarged: 244.
num_inconsistent_stats: 0.

CodeHeap 'non-profiled nmethods': size=120000Kb used=641Kb max_used=641Kb free=119358Kb
 bounds [0x000001e31cf60000, 0x000001e31d1d0000, 0x000001e324490000]
CodeHeap 'profiled nmethods': size=120000Kb used=3807Kb max_used=3807Kb free=116192Kb
 bounds [0x000001e315490000, 0x000001e315850000, 0x000001e31c9c0000]
CodeHeap 'non-nmethods': size=5760Kb used=1399Kb max_used=1410Kb free=4360Kb
 bounds [0x000001e31c9c0000, 0x000001e31cc30000, 0x000001e31cf60000]
 total_blobs=2459 nmethods=1960 adapters=404
 compilation: enabled
              stopped_count=0, restarted_count=0
 full_count=0

Compilation events (20 events):
Event: 91.728 Thread 0x000001e326a34b60 1862       4       jdk.internal.reflect.ClassFileAssembler::emitByte (11 bytes)
Event: 91.729 Thread 0x000001e326a35600 nmethod 1861 0x000001e31580e790 code [0x000001e31580e960, 0x000001e31580ee30]
Event: 91.729 Thread 0x000001e326a35600 1863       3       jdk.internal.reflect.ByteVectorImpl::getLength (7 bytes)
Event: 91.729 Thread 0x000001e326a35600 nmethod 1863 0x000001e31580ef90 code [0x000001e31580f120, 0x000001e31580f230]
Event: 91.729 Thread 0x000001e326a35600 1864       3       java.lang.Class::getReflectionFactory (28 bytes)
Event: 91.730 Thread 0x000001e326a35600 nmethod 1864 0x000001e31580f290 code [0x000001e31580f4c0, 0x000001e31580fb78]
Event: 91.730 Thread 0x000001e326a34b60 nmethod 1862 0x000001e31cffcd90 code [0x000001e31cffcf40, 0x000001e31cffd0d0]
Event: 91.730 Thread 0x000001e326a34b60 1865       4       java.lang.StringLatin1::canEncode (13 bytes)
Event: 91.730 Thread 0x000001e326a35600 1866       3       org.gradle.internal.serialize.kryo.KryoBackedDecoder::maybeReadBytes (11 bytes)
Event: 91.731 Thread 0x000001e326a35600 nmethod 1866 0x000001e31580fe10 code [0x000001e31580ffc0, 0x000001e315810108]
Event: 91.731 Thread 0x000001e326a35600 1867       3       com.esotericsoftware.kryo.io.Input::read (115 bytes)
Event: 91.731 Thread 0x000001e326a34b60 nmethod 1865 0x000001e31cffd210 code [0x000001e31cffd380, 0x000001e31cffd3f8]
Event: 91.731 Thread 0x000001e326a35600 nmethod 1867 0x000001e315810210 code [0x000001e315810420, 0x000001e315810a28]
Event: 91.731 Thread 0x000001e326a35600 1868       1       java.io.ObjectStreamField::getField (5 bytes)
Event: 91.731 Thread 0x000001e326a35600 nmethod 1868 0x000001e31cffd910 code [0x000001e31cffdaa0, 0x000001e31cffdb68]
Event: 91.733 Thread 0x000001e326a34b60 1870       4       java.lang.String::replace (42 bytes)
Event: 91.733 Thread 0x000001e326a35600 1871       3       java.lang.String::<init> (98 bytes)
Event: 91.736 Thread 0x000001e326a35600 nmethod 1871 0x000001e315810c10 code [0x000001e315811000, 0x000001e315812ad0]
Event: 91.736 Thread 0x000001e326a35600 1872       1       java.lang.reflect.Field::getName (5 bytes)
Event: 91.736 Thread 0x000001e326a35600 nmethod 1872 0x000001e31cffdc10 code [0x000001e31cffdda0, 0x000001e31cffde68]

GC Heap History (4 events):
Event: 4.062 GC heap before
{Heap before GC invocations=0 (full 0):
 garbage-first heap   total 65536K, used 12288K [0x00000000fc000000, 0x0000000100000000)
  region size 1024K, 13 young (13312K), 0 survivors (0K)
 Metaspace       used 1662K, committed 1920K, reserved 1114112K
  class space    used 153K, committed 256K, reserved 1048576K
}
Event: 4.084 GC heap after
{Heap after GC invocations=1 (full 0):
 garbage-first heap   total 65536K, used 2632K [0x00000000fc000000, 0x0000000100000000)
  region size 1024K, 2 young (2048K), 2 survivors (2048K)
 Metaspace       used 1662K, committed 1920K, reserved 1114112K
  class space    used 153K, committed 256K, reserved 1048576K
}
Event: 7.960 GC heap before
{Heap before GC invocations=1 (full 0):
 garbage-first heap   total 65536K, used 25160K [0x00000000fc000000, 0x0000000100000000)
  region size 1024K, 21 young (21504K), 2 survivors (2048K)
 Metaspace       used 6652K, committed 6976K, reserved 1114112K
  class space    used 886K, committed 1024K, reserved 1048576K
}
Event: 7.967 GC heap after
{Heap after GC invocations=2 (full 0):
 garbage-first heap   total 65536K, used 11116K [0x00000000fc000000, 0x0000000100000000)
  region size 1024K, 3 young (3072K), 3 survivors (3072K)
 Metaspace       used 6652K, committed 6976K, reserved 1114112K
  class space    used 886K, committed 1024K, reserved 1048576K
}

Dll operation events (13 events):
Event: 0.039 Loaded shared library C:\Program Files\Java\jdk-21.0.10\bin\java.dll
Event: 0.102 Loaded shared library C:\Program Files\Java\jdk-21.0.10\bin\jsvml.dll
Event: 0.132 Loaded shared library C:\Program Files\Java\jdk-21.0.10\bin\net.dll
Event: 0.134 Loaded shared library C:\Program Files\Java\jdk-21.0.10\bin\nio.dll
Event: 1.556 Loaded shared library C:\Program Files\Java\jdk-21.0.10\bin\zip.dll
Event: 1.586 Loaded shared library C:\Program Files\Java\jdk-21.0.10\bin\verify.dll
Event: 3.811 Loaded shared library C:\Program Files\Java\jdk-21.0.10\bin\jimage.dll
Event: 6.948 Loaded shared library C:\Users\Sarobidy\.gradle\native\c067742578af261105cb4f569cf0c3c89f3d7b1fecec35dd04571415982c5e48\windows-amd64\native-platform.dll
Event: 7.083 Loaded shared library C:\Users\Sarobidy\.gradle\native\jansi\1.18\windows64\jansi.dll
Event: 7.743 Loaded shared library C:\Program Files\Java\jdk-21.0.10\bin\management.dll
Event: 7.792 Loaded shared library C:\Program Files\Java\jdk-21.0.10\bin\management_ext.dll
Event: 8.512 Loaded shared library C:\Program Files\Java\jdk-21.0.10\bin\extnet.dll
Event: 9.209 Loaded shared library C:\Program Files\Java\jdk-21.0.10\bin\sunmscapi.dll

Deoptimization events (20 events):
Event: 8.971 Thread 0x000001e30cfdd6d0 DEOPT PACKING pc=0x000001e31cf90184 sp=0x000000812b7fb850
Event: 8.971 Thread 0x000001e30cfdd6d0 DEOPT UNPACKING pc=0x000001e31ca146a2 sp=0x000000812b7fb778 mode 2
Event: 8.972 Thread 0x000001e30cfdd6d0 Uncommon trap: trap_request=0xffffffde fr.pc=0x000001e31cf90184 relative=0x00000000000008c4
Event: 8.972 Thread 0x000001e30cfdd6d0 Uncommon trap: reason=class_check action=maybe_recompile pc=0x000001e31cf90184 method=java.util.HashMap.putVal(ILjava/lang/Object;Ljava/lang/Object;ZZ)Ljava/lang/Object; @ 203 c2
Event: 8.972 Thread 0x000001e30cfdd6d0 DEOPT PACKING pc=0x000001e31cf90184 sp=0x000000812b7fb850
Event: 8.972 Thread 0x000001e30cfdd6d0 DEOPT UNPACKING pc=0x000001e31ca146a2 sp=0x000000812b7fb778 mode 2
Event: 8.975 Thread 0x000001e30cfdd6d0 Uncommon trap: trap_request=0xffffffde fr.pc=0x000001e31cf90184 relative=0x00000000000008c4
Event: 8.975 Thread 0x000001e30cfdd6d0 Uncommon trap: reason=class_check action=maybe_recompile pc=0x000001e31cf90184 method=java.util.HashMap.putVal(ILjava/lang/Object;Ljava/lang/Object;ZZ)Ljava/lang/Object; @ 203 c2
Event: 8.975 Thread 0x000001e30cfdd6d0 DEOPT PACKING pc=0x000001e31cf90184 sp=0x000000812b7fb850
Event: 8.975 Thread 0x000001e30cfdd6d0 DEOPT UNPACKING pc=0x000001e31ca146a2 sp=0x000000812b7fb778 mode 2
Event: 8.980 Thread 0x000001e30cfdd6d0 DEOPT PACKING pc=0x000001e3155bc922 sp=0x000000812b7fb7e0
Event: 8.980 Thread 0x000001e30cfdd6d0 DEOPT UNPACKING pc=0x000001e31ca14e42 sp=0x000000812b7faca0 mode 0
Event: 91.725 Thread 0x000001e30cfdd6d0 Uncommon trap: trap_request=0xffffff45 fr.pc=0x000001e31cfc6424 relative=0x00000000000004e4
Event: 91.725 Thread 0x000001e30cfdd6d0 Uncommon trap: reason=unstable_if action=reinterpret pc=0x000001e31cfc6424 method=java.lang.AbstractStringBuilder.isLatin1()Z @ 10 c2
Event: 91.725 Thread 0x000001e30cfdd6d0 DEOPT PACKING pc=0x000001e31cfc6424 sp=0x000000812b7fd410
Event: 91.725 Thread 0x000001e30cfdd6d0 DEOPT UNPACKING pc=0x000001e31ca146a2 sp=0x000000812b7fd2b0 mode 2
Event: 91.731 Thread 0x000001e30cfdd6d0 Uncommon trap: trap_request=0xffffff45 fr.pc=0x000001e31cfc741c relative=0x00000000000004bc
Event: 91.731 Thread 0x000001e30cfdd6d0 Uncommon trap: reason=unstable_if action=reinterpret pc=0x000001e31cfc741c method=java.lang.AbstractStringBuilder.isLatin1()Z @ 10 c2
Event: 91.731 Thread 0x000001e30cfdd6d0 DEOPT PACKING pc=0x000001e31cfc741c sp=0x000000812b7fd370
Event: 91.731 Thread 0x000001e30cfdd6d0 DEOPT UNPACKING pc=0x000001e31ca146a2 sp=0x000000812b7fd2c8 mode 2

Classes loaded (20 events):
Event: 91.650 Loading class java/io/ClassCache$CacheRef done
Event: 91.651 Loading class java/io/ObjectStreamClass$FieldReflectorKey
Event: 91.651 Loading class java/io/ObjectStreamClass$FieldReflectorKey done
Event: 91.651 Loading class java/io/ObjectStreamClass$FieldReflector
Event: 91.651 Loading class java/io/ObjectStreamClass$FieldReflector done
Event: 91.654 Loading class java/io/ObjectStreamClass$ClassDataSlot
Event: 91.654 Loading class java/io/ObjectStreamClass$ClassDataSlot done
Event: 91.654 Loading class java/io/ObjectInputStream$FieldValues
Event: 91.688 Loading class java/io/ObjectInputStream$GetField
Event: 91.688 Loading class java/io/ObjectInputStream$GetField done
Event: 91.688 Loading class java/io/ObjectInputStream$FieldValues done
Event: 91.689 Loading class java/util/function/UnaryOperator
Event: 91.724 Loading class java/util/function/UnaryOperator done
Event: 91.725 Loading class java/io/ObjectStreamClass$ExceptionInfo
Event: 91.725 Loading class java/io/ObjectStreamClass$ExceptionInfo done
Event: 91.727 Loading class java/io/SerialCallbackContext
Event: 91.727 Loading class java/io/SerialCallbackContext done
Event: 91.734 Loading class java/lang/Throwable$PrintStreamOrWriter
Event: 91.734 Loading class java/lang/Throwable$PrintStreamOrWriter done
Event: 91.734 Loading class java/io/PrintWriter

Classes unloaded (0 events):
No events

Classes redefined (0 events):
No events

Internal exceptions (20 events):
Event: 2.292 Thread 0x000001e30cfdd6d0 Exception <a 'java/lang/NoSuchMethodError'{0x00000000ffca5f70}: 'java.lang.Object java.lang.invoke.Invokers$Holder.invokeExact_MT(java.lang.Object, java.lang.Object, java.lang.Object, java.lang.Object, java.lang.Object)'> (0x00000000ffca5f70) 
thrown [s\open\src\hotspot\share\interpreter\linkResolver.cpp, line 773]
Event: 2.317 Thread 0x000001e30cfdd6d0 Exception <a 'java/lang/NoSuchMethodError'{0x00000000ffcd3fe0}: 'int java.lang.invoke.DirectMethodHandle$Holder.invokeStaticInit(java.lang.Object, java.lang.Object)'> (0x00000000ffcd3fe0) 
thrown [s\open\src\hotspot\share\interpreter\linkResolver.cpp, line 773]
Event: 6.754 Thread 0x000001e30cfdd6d0 Exception <a 'java/lang/NoClassDefFoundError'{0x00000000ff64dd20}: org/slf4j/impl/StaticMarkerBinder> (0x00000000ff64dd20) 
thrown [s\open\src\hotspot\share\classfile\systemDictionary.cpp, line 301]
Event: 6.819 Thread 0x000001e30cfdd6d0 Exception <a 'java/lang/NoSuchMethodError'{0x00000000ff6db8e0}: 'java.lang.Object java.lang.invoke.DirectMethodHandle$Holder.invokeVirtual(java.lang.Object, java.lang.Object, java.lang.Object, java.lang.Object, java.lang.Object, java.lang.Object, java.lang.Object)'> (0x00000000ff6db8e0) 
thrown [s\open\src\hotspot\share\interpreter\linkResolver.cpp, line 773]
Event: 6.823 Thread 0x000001e30cfdd6d0 Exception <a 'java/lang/NoSuchMethodError'{0x00000000ff6eebe8}: 'java.lang.Object java.lang.invoke.DirectMethodHandle$Holder.invokeStatic(java.lang.Object, java.lang.Object, int)'> (0x00000000ff6eebe8) 
thrown [s\open\src\hotspot\share\interpreter\linkResolver.cpp, line 773]
Event: 6.825 Thread 0x000001e30cfdd6d0 Exception <a 'java/lang/NoSuchMethodError'{0x00000000ff6fa068}: 'void java.lang.invoke.DelegatingMethodHandle$Holder.delegate(java.lang.Object, java.lang.Object, int, java.lang.Object)'> (0x00000000ff6fa068) 
thrown [s\open\src\hotspot\share\interpreter\linkResolver.cpp, line 773]
Event: 6.826 Thread 0x000001e30cfdd6d0 Exception <a 'java/lang/NoSuchMethodError'{0x00000000ff6fde68}: 'int java.lang.invoke.DirectMethodHandle$Holder.invokeSpecial(java.lang.Object, java.lang.Object, java.lang.Object)'> (0x00000000ff6fde68) 
thrown [s\open\src\hotspot\share\interpreter\linkResolver.cpp, line 773]
Event: 6.988 Thread 0x000001e30cfdd6d0 Exception <a 'java/lang/NoSuchMethodError'{0x00000000ff5a47c0}: 'java.lang.Object java.lang.invoke.DirectMethodHandle$Holder.invokeVirtual(java.lang.Object, java.lang.Object, java.lang.Object)'> (0x00000000ff5a47c0) 
thrown [s\open\src\hotspot\share\interpreter\linkResolver.cpp, line 773]
Event: 7.439 Thread 0x000001e30cfdd6d0 Exception <a 'java/lang/NoSuchMethodError'{0x00000000fef957d8}: 'java.lang.Object java.lang.invoke.DirectMethodHandle$Holder.invokeVirtual(java.lang.Object, java.lang.Object, java.lang.Object, java.lang.Object)'> (0x00000000fef957d8) 
thrown [s\open\src\hotspot\share\interpreter\linkResolver.cpp, line 773]
Event: 7.490 Thread 0x000001e30cfdd6d0 Exception <a 'java/lang/NoSuchMethodError'{0x00000000fee182a8}: 'java.lang.Object java.lang.invoke.DirectMethodHandle$Holder.invokeVirtual(java.lang.Object, java.lang.Object, java.lang.Object, java.lang.Object, java.lang.Object, java.lang.Object)'> (0x00000000fee182a8) 
thrown [s\open\src\hotspot\share\interpreter\linkResolver.cpp, line 773]
Event: 7.932 Thread 0x000001e30cfdd6d0 Exception <a 'java/lang/NoSuchMethodError'{0x00000000feb80358}: 'java.lang.Object java.lang.invoke.DirectMethodHandle$Holder.invokeVirtual(java.lang.Object, java.lang.Object, java.lang.Object, java.lang.Object, java.lang.Object)'> (0x00000000feb80358) 
thrown [s\open\src\hotspot\share\interpreter\linkResolver.cpp, line 773]
Event: 7.936 Thread 0x000001e30cfdd6d0 Exception <a 'java/lang/NoSuchMethodError'{0x00000000feb935a8}: 'java.lang.Object java.lang.invoke.Invokers$Holder.invokeExact_MT(java.lang.Object, java.lang.Object, java.lang.Object, java.lang.Object, java.lang.Object, java.lang.Object)'> (0x00000000feb935a8) 
thrown [s\open\src\hotspot\share\interpreter\linkResolver.cpp, line 773]
Event: 8.072 Thread 0x000001e30cfdd6d0 Exception <a 'java/lang/NoSuchMethodError'{0x00000000ffe16068}: 'java.lang.Object java.lang.invoke.DirectMethodHandle$Holder.invokeVirtual(java.lang.Object, java.lang.Object, java.lang.Object, java.lang.Object, java.lang.Object, java.lang.Object, java.lang.Object, java.lang.Object)'> (0x00000000ffe16068) 
thrown [s\open\src\hotspot\share\interpreter\linkResolver.cpp, line 773]
Event: 8.129 Thread 0x000001e30cfdd6d0 Exception <a 'java/lang/NoSuchMethodError'{0x00000000ffd61890}: 'java.lang.Object java.lang.invoke.DirectMethodHandle$Holder.invokeStaticInit(java.lang.Object, int, int, int, int)'> (0x00000000ffd61890) 
thrown [s\open\src\hotspot\share\interpreter\linkResolver.cpp, line 773]
Event: 8.402 Thread 0x000001e30cfdd6d0 Exception <a 'java/lang/NoSuchMethodError'{0x00000000ffd87840}: 'java.lang.Object java.lang.invoke.DirectMethodHandle$Holder.invokeStaticInit(java.lang.Object, java.lang.Object, int, int, int, int)'> (0x00000000ffd87840) 
thrown [s\open\src\hotspot\share\interpreter\linkResolver.cpp, line 773]
Event: 8.571 Thread 0x000001e30cfdd6d0 Implicit null exception at 0x000001e31cfa66a0 to 0x000001e31cfa6c04
Event: 8.572 Thread 0x000001e30cfdd6d0 Implicit null exception at 0x000001e31cfa01a0 to 0x000001e31cfa07c8
Event: 8.583 Thread 0x000001e30cfdd6d0 Exception <a 'java/lang/NoSuchMethodError'{0x00000000ffc552a8}: 'void java.lang.invoke.DirectMethodHandle$Holder.invokeInterface(java.lang.Object, java.lang.Object, java.lang.Object)'> (0x00000000ffc552a8) 
thrown [s\open\src\hotspot\share\interpreter\linkResolver.cpp, line 773]
Event: 91.595 Thread 0x000001e30cfdd6d0 Exception <a 'java/lang/NoSuchMethodError'{0x00000000ff733c20}: 'long java.lang.invoke.DirectMethodHandle$Holder.invokeSpecial(java.lang.Object, java.lang.Object)'> (0x00000000ff733c20) 
thrown [s\open\src\hotspot\share\interpreter\linkResolver.cpp, line 773]
Event: 91.596 Thread 0x000001e30cfdd6d0 Exception <a 'java/lang/NoSuchMethodError'{0x00000000ff737410}: 'long java.lang.invoke.Invokers$Holder.invokeExact_MT(java.lang.Object, java.lang.Object)'> (0x00000000ff737410) 
thrown [s\open\src\hotspot\share\interpreter\linkResolver.cpp, line 773]

ZGC Phase Switch (0 events):
No events

VM Operations (20 events):
Event: 63.229 Executing VM operation: Cleanup
Event: 63.229 Executing VM operation: Cleanup done
Event: 67.264 Executing VM operation: Cleanup
Event: 67.265 Executing VM operation: Cleanup done
Event: 72.319 Executing VM operation: Cleanup
Event: 72.319 Executing VM operation: Cleanup done
Event: 78.363 Executing VM operation: Cleanup
Event: 78.364 Executing VM operation: Cleanup done
Event: 79.367 Executing VM operation: Cleanup
Event: 79.367 Executing VM operation: Cleanup done
Event: 81.372 Executing VM operation: Cleanup
Event: 81.372 Executing VM operation: Cleanup done
Event: 83.378 Executing VM operation: Cleanup
Event: 83.378 Executing VM operation: Cleanup done
Event: 84.380 Executing VM operation: Cleanup
Event: 84.380 Executing VM operation: Cleanup done
Event: 85.382 Executing VM operation: Cleanup
Event: 85.382 Executing VM operation: Cleanup done
Event: 91.411 Executing VM operation: Cleanup
Event: 91.427 Executing VM operation: Cleanup done

Events (14 events):
Event: 0.066 Thread 0x000001e30cfdd6d0 Thread added: 0x000001e30cfdd6d0
Event: 0.099 Thread 0x000001e326a06220 Thread added: 0x000001e326a06220
Event: 0.099 Thread 0x000001e326a06c80 Thread added: 0x000001e326a06c80
Event: 0.099 Thread 0x000001e326a086f0 Thread added: 0x000001e326a086f0
Event: 0.099 Thread 0x000001e326a093d0 Thread added: 0x000001e326a093d0
Event: 0.100 Thread 0x000001e326a0be40 Thread added: 0x000001e326a0be40
Event: 0.100 Thread 0x000001e326a108c0 Thread added: 0x000001e326a108c0
Event: 0.100 Thread 0x000001e326a34b60 Thread added: 0x000001e326a34b60
Event: 0.100 Thread 0x000001e326a35600 Thread added: 0x000001e326a35600
Event: 0.124 Thread 0x000001e326ce3e00 Thread added: 0x000001e326ce3e00
Event: 0.128 Thread 0x000001e326cea650 Thread added: 0x000001e326cea650
Event: 7.139 Thread 0x000001e36c7d2020 Thread added: 0x000001e36c7d2020
Event: 9.571 Thread 0x000001e36c7fe910 Thread added: 0x000001e36c7fe910
Event: 9.846 Thread 0x000001e36c7f8f30 Thread added: 0x000001e36c7f8f30


Dynamic libraries:
0x00007ff6dbf60000 - 0x00007ff6dbf70000 	C:\Program Files\Java\jdk-21.0.10\bin\java.exe
0x00007fff4b730000 - 0x00007fff4b928000 	C:\WINDOWS\SYSTEM32\ntdll.dll
0x00007fff49a60000 - 0x00007fff49b22000 	C:\WINDOWS\System32\KERNEL32.DLL
0x00007fff49050000 - 0x00007fff49347000 	C:\WINDOWS\System32\KERNELBASE.dll
0x00007fff48e80000 - 0x00007fff48f80000 	C:\WINDOWS\System32\ucrtbase.dll
0x00007fff42690000 - 0x00007fff426ae000 	C:\Program Files\Java\jdk-21.0.10\bin\VCRUNTIME140.dll
0x00007fff426b0000 - 0x00007fff426c9000 	C:\Program Files\Java\jdk-21.0.10\bin\jli.dll
0x00007fff49740000 - 0x00007fff497f1000 	C:\WINDOWS\System32\ADVAPI32.dll
0x00007fff49b30000 - 0x00007fff49bce000 	C:\WINDOWS\System32\msvcrt.dll
0x00007fff49890000 - 0x00007fff4992f000 	C:\WINDOWS\System32\sechost.dll
0x00007fff4a540000 - 0x00007fff4a660000 	C:\WINDOWS\System32\RPCRT4.dll
0x00007fff48db0000 - 0x00007fff48dd7000 	C:\WINDOWS\System32\bcrypt.dll
0x00007fff4b3c0000 - 0x00007fff4b561000 	C:\WINDOWS\System32\USER32.dll
0x00007fff49680000 - 0x00007fff496a2000 	C:\WINDOWS\System32\win32u.dll
0x00007fff3a1b0000 - 0x00007fff3a44b000 	C:\WINDOWS\WinSxS\amd64_microsoft.windows.common-controls_6595b64144ccf1df_6.0.19041.6456_none_60b8a6cb71f64256\COMCTL32.dll
0x00007fff4a660000 - 0x00007fff4a68b000 	C:\WINDOWS\System32\GDI32.dll
0x00007fff49400000 - 0x00007fff49519000 	C:\WINDOWS\System32\gdi32full.dll
0x00007fff48de0000 - 0x00007fff48e7d000 	C:\WINDOWS\System32\msvcp_win.dll
0x00007fff3b720000 - 0x00007fff3b72a000 	C:\WINDOWS\SYSTEM32\VERSION.dll
0x00007fff49930000 - 0x00007fff4995f000 	C:\WINDOWS\System32\IMM32.DLL
0x00007fff463e0000 - 0x00007fff463ec000 	C:\Program Files\Java\jdk-21.0.10\bin\vcruntime140_1.dll
0x00007fff285c0000 - 0x00007fff2864d000 	C:\Program Files\Java\jdk-21.0.10\bin\msvcp140.dll
0x00007fff1ad00000 - 0x00007fff1ba27000 	C:\Program Files\Java\jdk-21.0.10\bin\server\jvm.dll
0x00007fff4aec0000 - 0x00007fff4af2b000 	C:\WINDOWS\System32\WS2_32.dll
0x00007fff48500000 - 0x00007fff4854b000 	C:\WINDOWS\SYSTEM32\POWRPROF.dll
0x00007fff436d0000 - 0x00007fff436f7000 	C:\WINDOWS\SYSTEM32\WINMM.dll
0x00007fff484e0000 - 0x00007fff484f2000 	C:\WINDOWS\SYSTEM32\UMPDC.dll
0x00007fff46b00000 - 0x00007fff46b12000 	C:\WINDOWS\SYSTEM32\kernel.appcore.dll
0x00007fff46390000 - 0x00007fff4639a000 	C:\Program Files\Java\jdk-21.0.10\bin\jimage.dll
0x00007fff2d280000 - 0x00007fff2d481000 	C:\WINDOWS\SYSTEM32\DBGHELP.DLL
0x00007fff3bb40000 - 0x00007fff3bb74000 	C:\WINDOWS\SYSTEM32\dbgcore.DLL
0x00007fff496b0000 - 0x00007fff49732000 	C:\WINDOWS\System32\bcryptPrimitives.dll
0x00007fff42660000 - 0x00007fff42681000 	C:\Program Files\Java\jdk-21.0.10\bin\java.dll
0x00007fff4a690000 - 0x00007fff4ae01000 	C:\WINDOWS\System32\SHELL32.dll
0x00007fff46de0000 - 0x00007fff47586000 	C:\WINDOWS\SYSTEM32\windows.storage.dll
0x00007fff4b060000 - 0x00007fff4b3b3000 	C:\WINDOWS\System32\combase.dll
0x00007fff48700000 - 0x00007fff4872b000 	C:\WINDOWS\SYSTEM32\Wldp.dll
0x00007fff49f40000 - 0x00007fff4a00d000 	C:\WINDOWS\System32\OLEAUT32.dll
0x00007fff4a010000 - 0x00007fff4a0bd000 	C:\WINDOWS\System32\SHCORE.dll
0x00007fff49bd0000 - 0x00007fff49c2b000 	C:\WINDOWS\System32\shlwapi.dll
0x00007fff48ce0000 - 0x00007fff48d04000 	C:\WINDOWS\SYSTEM32\profapi.dll
0x00007fff27f60000 - 0x00007fff28037000 	C:\Program Files\Java\jdk-21.0.10\bin\jsvml.dll
0x00007fff2d4d0000 - 0x00007fff2d4e1000 	C:\Program Files\Java\jdk-21.0.10\bin\net.dll
0x00007fff43100000 - 0x00007fff4320a000 	C:\WINDOWS\SYSTEM32\WINHTTP.dll
0x00007fff48470000 - 0x00007fff484da000 	C:\WINDOWS\system32\mswsock.dll
0x00007fff2bf40000 - 0x00007fff2bf56000 	C:\Program Files\Java\jdk-21.0.10\bin\nio.dll
0x00007fff32270000 - 0x00007fff32288000 	C:\Program Files\Java\jdk-21.0.10\bin\zip.dll
0x00007fff42650000 - 0x00007fff42660000 	C:\Program Files\Java\jdk-21.0.10\bin\verify.dll
0x00007fff426d0000 - 0x00007fff426f7000 	C:\Users\Sarobidy\.gradle\native\c067742578af261105cb4f569cf0c3c89f3d7b1fecec35dd04571415982c5e48\windows-amd64\native-platform.dll
0x00007fff3b280000 - 0x00007fff3b28a000 	C:\Users\Sarobidy\.gradle\native\jansi\1.18\windows64\jansi.dll
0x00007fff3bfe0000 - 0x00007fff3bfea000 	C:\Program Files\Java\jdk-21.0.10\bin\management.dll
0x00007fff3a520000 - 0x00007fff3a52c000 	C:\Program Files\Java\jdk-21.0.10\bin\management_ext.dll
0x00007fff49880000 - 0x00007fff49888000 	C:\WINDOWS\System32\PSAPI.DLL
0x00007fff48a70000 - 0x00007fff48a88000 	C:\WINDOWS\SYSTEM32\CRYPTSP.dll
0x00007fff47d40000 - 0x00007fff47d78000 	C:\WINDOWS\system32\rsaenh.dll
0x00007fff48ca0000 - 0x00007fff48cce000 	C:\WINDOWS\SYSTEM32\USERENV.dll
0x00007fff48670000 - 0x00007fff4867c000 	C:\WINDOWS\SYSTEM32\CRYPTBASE.dll
0x00007fff48100000 - 0x00007fff4813b000 	C:\WINDOWS\SYSTEM32\IPHLPAPI.DLL
0x00007fff49960000 - 0x00007fff49968000 	C:\WINDOWS\System32\NSI.dll
0x00007fff394c0000 - 0x00007fff394c9000 	C:\Program Files\Java\jdk-21.0.10\bin\extnet.dll
0x00007fff38c40000 - 0x00007fff38c4e000 	C:\Program Files\Java\jdk-21.0.10\bin\sunmscapi.dll
0x00007fff49520000 - 0x00007fff4967d000 	C:\WINDOWS\System32\CRYPT32.dll
0x00007fff48770000 - 0x00007fff48797000 	C:\WINDOWS\SYSTEM32\ncrypt.dll
0x00007fff48730000 - 0x00007fff4876b000 	C:\WINDOWS\SYSTEM32\NTASN1.dll
0x00007fff3c1e0000 - 0x00007fff3c1e7000 	C:\WINDOWS\system32\wshunix.dll

dbghelp: loaded successfully - version: 4.0.5 - missing functions: none
symbol engine: initialized successfully - sym options: 0x614 - pdb path: .;C:\Program Files\Java\jdk-21.0.10\bin;C:\WINDOWS\SYSTEM32;C:\WINDOWS\WinSxS\amd64_microsoft.windows.common-controls_6595b64144ccf1df_6.0.19041.6456_none_60b8a6cb71f64256;C:\Program Files\Java\jdk-21.0.10\bin\server;C:\Users\Sarobidy\.gradle\native\c067742578af261105cb4f569cf0c3c89f3d7b1fecec35dd04571415982c5e48\windows-amd64;C:\Users\Sarobidy\.gradle\native\jansi\1.18\windows64

VM Arguments:
jvm_args: -Xmx64m -Xms64m -Dorg.gradle.appname=gradlew 
java_command: org.gradle.wrapper.GradleWrapperMain test --stacktrace
java_class_path (initial): E:\L2\Prog4\hei-academic-management\\gradle\wrapper\gradle-wrapper.jar
Launcher Type: SUN_STANDARD

[Global flags]
     intx CICompilerCount                          = 3                                         {product} {ergonomic}
     uint ConcGCThreads                            = 1                                         {product} {ergonomic}
     uint G1ConcRefinementThreads                  = 4                                         {product} {ergonomic}
   size_t G1HeapRegionSize                         = 1048576                                   {product} {ergonomic}
    uintx GCDrainStackTargetSize                   = 64                                        {product} {ergonomic}
   size_t InitialHeapSize                          = 67108864                                  {product} {command line}
   size_t MarkStackSize                            = 4194304                                   {product} {ergonomic}
   size_t MaxHeapSize                              = 67108864                                  {product} {command line}
   size_t MaxNewSize                               = 39845888                                  {product} {ergonomic}
   size_t MinHeapDeltaBytes                        = 1048576                                   {product} {ergonomic}
   size_t MinHeapSize                              = 67108864                                  {product} {command line}
    uintx NonNMethodCodeHeapSize                   = 5832780                                {pd product} {ergonomic}
    uintx NonProfiledCodeHeapSize                  = 122912730                              {pd product} {ergonomic}
    uintx ProfiledCodeHeapSize                     = 122912730                              {pd product} {ergonomic}
    uintx ReservedCodeCacheSize                    = 251658240                              {pd product} {ergonomic}
     bool SegmentedCodeCache                       = true                                      {product} {ergonomic}
   size_t SoftMaxHeapSize                          = 67108864                               {manageable} {ergonomic}
     bool UseCompressedOops                        = true                           {product lp64_product} {ergonomic}
     bool UseG1GC                                  = true                                      {product} {ergonomic}
     bool UseLargePagesIndividualAllocation        = false                                  {pd product} {ergonomic}

Logging:
Log output configuration:
 #0: stdout all=warning uptime,level,tags foldmultilines=false
 #1: stderr all=off uptime,level,tags foldmultilines=false

Environment Variables:
JAVA_HOME=C:\Program Files\Java\jdk-21.0.10
CLASSPATH=E:\L2\Prog4\hei-academic-management\\gradle\wrapper\gradle-wrapper.jar
PATH=C:\Program Files (x86)\VMware\VMware Workstation\bin\;C:\WINDOWS\system32;C:\WINDOWS;C:\WINDOWS\System32\Wbem;C:\WINDOWS\System32\WindowsPowerShell\v1.0\;C:\WINDOWS\System32\OpenSSH\;C:\Program Files\Git\cmd;C:\php;C:\ProgramData\ComposerSetup\bin;C:\Program Files\Java\jdk-21.0.10\bin;C:\Program Files\Apache\Maven\apache-maven-3.9.13-bin\apache-maven-3.9.13\bin;C:\Program Files\PostgreSQL\17\bin;C:\Users\Sarobidy\AppData\Local\nvm;C:\nvm4w\nodejs;C:\Program Files\nodejs\;C:\Users\Sarobidy\AppData\Local\Programs\Microsoft VS Code\bin;C:\Users\Sarobidy\AppData\Local\Python\bin;C:\Users\Sarobidy\AppData\Local\nvm;C:\nvm4w\nodejs;C:\Users\Sarobidy\AppData\Roaming\npm;C:\Program Files\PostgreSQL\18\bin;C:\Program Files\Docker\Docker\resources\bin;C:\Program Files\PostgreSQL\18\bin;C:\Users\Sarobidy\AppData\Local\Programs\Microsoft VS Code\bin
USERNAME=Sarobidy
OS=Windows_NT
PROCESSOR_IDENTIFIER=Intel64 Family 6 Model 58 Stepping 9, GenuineIntel
TMP=C:\Users\Sarobidy\AppData\Local\Temp
TEMP=C:\Users\Sarobidy\AppData\Local\Temp




Periodic native trim disabled

---------------  S Y S T E M  ---------------

OS:
 Windows 10 , 64 bit Build 19041 (10.0.19041.6807)
OS uptime: 0 days 4:55 hours
Hyper-V role detected

CPU: total 4 (initial active 4) (2 cores per cpu, 2 threads per core) family 6 model 58 stepping 9 microcode 0x21, cx8, cmov, fxsr, ht, mmx, sse, sse2, sse3, ssse3, sse4.1, sse4.2, popcnt, tsc, tscinvbit, avx, aes, erms, clmul, vzeroupper, clflush, hv, rdtscp, f16c
Processor Information for all 4 processors :
  Max Mhz: 2601, Current Mhz: 2601, Mhz Limit: 2601

Memory: 4k page, system-wide physical 6017M (290M free)
TotalPageFile size 8017M (AvailPageFile size 26M)
current process WorkingSet (physical memory assigned to process): 91M, peak: 91M
current process commit charge ("private bytes"): 158M, peak: 158M

vm_info: Java HotSpot(TM) 64-Bit Server VM (21.0.10+8-LTS-217) for windows-amd64 JRE (21.0.10+8-LTS-217), built on 2025-12-18T14:59:28Z by "mach5run" with MS VC++ 17.13 (VS2022)

END.
